#-----------------------------------------------------------
# Vivado v2020.1 (64-bit)
# SW Build 2902540 on Wed May 27 19:54:49 MDT 2020
# IP Build 2902112 on Wed May 27 22:43:36 MDT 2020
# Start of session at: Thu Oct  6 23:32:26 2022
# Process ID: 11372
# Current directory: C:/Users/archi/OneDrive/Desktop/ECE 410/Labs/Lab 1/lab1_part2
# Command line: vivado.exe -gui_launcher_event rodinguilauncherevent3040 C:\Users\archi\OneDrive\Desktop\ECE 410\Labs\Lab 1\lab1_part2\lab1_part2.xpr
# Log file: C:/Users/archi/OneDrive/Desktop/ECE 410/Labs/Lab 1/lab1_part2/vivado.log
# Journal file: C:/Users/archi/OneDrive/Desktop/ECE 410/Labs/Lab 1/lab1_part2\vivado.jou
#-----------------------------------------------------------
start_gui
open_project {C:/Users/archi/OneDrive/Desktop/ECE 410/Labs/Lab 1/lab1_part2/lab1_part2.xpr}
update_compile_order -fileset sources_1
import_files -norecurse {{C:/Users/archi/OneDrive/Desktop/ECE 410/Labs/Lab 1/lab1_part1/lab1_part1.srcs/sources_1/new/priority_encoder.vhd}}
update_compile_order -fileset sources_1
launch_simulation
source priority_encoder_tb.tcl
close_sim
update_compile_order -fileset sim_1
update_compile_order -fileset sim_1
launch_simulation
source priority_encoder_tb.tcl
step
step
step
step
step
step
step
step
step
step
step
step
step
step
step
step
step
step
step
step
step
step
step
step
step
step
step
step
step
step
step
step
step
step
step
step
step
step
step
step
step
step
step
step
step
step
step
relaunch_sim
step
step
run 10 ms
run 10 us
run 10 ns
run 10 ns
run all
restart
run 10 ns
run all
restart
run all
restart
run all
restart
run all
close_sim
close_project
