#-----------------------------------------------------------
# Vivado v2020.1 (64-bit)
# SW Build 2902540 on Wed May 27 19:54:49 MDT 2020
# IP Build 2902112 on Wed May 27 22:43:36 MDT 2020
# Start of session at: Wed Oct  5 20:52:53 2022
# Process ID: 8252
# Current directory: C:/Users/archi/OneDrive/Desktop/ECE 410/Labs/Lab 1/lab1_part1
# Command line: vivado.exe -gui_launcher_event rodinguilauncherevent3088 C:\Users\archi\OneDrive\Desktop\ECE 410\Labs\Lab 1\lab1_part1\lab1_part1.xpr
# Log file: C:/Users/archi/OneDrive/Desktop/ECE 410/Labs/Lab 1/lab1_part1/vivado.log
# Journal file: C:/Users/archi/OneDrive/Desktop/ECE 410/Labs/Lab 1/lab1_part1\vivado.jou
#-----------------------------------------------------------
start_gui
open_project {C:/Users/archi/OneDrive/Desktop/ECE 410/Labs/Lab 1/lab1_part1/lab1_part1.xpr}
update_compile_order -fileset sources_1
reset_run synth_1
launch_runs synth_1 -jobs 2
wait_on_run synth_1
open_run synth_1 -name synth_1
close_design
launch_simulation
source priority_encoder_tb.tcl
close_sim
